cplusplus.jpg have 9 brightness level
cpp-mini-logo.jpg have 8 brightness level
idea_sized-sun-gettyimages-1036397974.jpg have 7 brightness level
loader.gif have 10 brightness level
logo-black.png have 5 brightness level
logo.png have 7 brightness level
